// Jest Snapshot v1, https://goo.gl/fbAQLP

exports[`Button Panel Component Should match spanshot 1`] = `
Array [
  <div
    className="btn-group"
  >
    <button
      className=""
      onClick={[Function]}
      style={
        Object {
          "backgroundColor": "white",
        }
      }
      type="button"
    >
      AC
    </button>
    <button
      className=""
      onClick={[Function]}
      style={
        Object {
          "backgroundColor": "white",
        }
      }
      type="button"
    >
      +/-
    </button>
    <button
      className=""
      onClick={[Function]}
      style={
        Object {
          "backgroundColor": "white",
        }
      }
      type="button"
    >
      %
    </button>
    <button
      className=""
      onClick={[Function]}
      style={
        Object {
          "backgroundColor": "orange",
        }
      }
      type="button"
    >
      รท
    </button>
  </div>,
  <div
    className="btn-group"
  >
    <button
      className=""
      onClick={[Function]}
      style={
        Object {
          "backgroundColor": "white",
        }
      }
      type="button"
    >
      7
    </button>
    <button
      className=""
      onClick={[Function]}
      style={
        Object {
          "backgroundColor": "white",
        }
      }
      type="button"
    >
      8
    </button>
    <button
      className=""
      onClick={[Function]}
      style={
        Object {
          "backgroundColor": "white",
        }
      }
      type="button"
    >
      9
    </button>
    <button
      className=""
      onClick={[Function]}
      style={
        Object {
          "backgroundColor": "orange",
        }
      }
      type="button"
    >
      x
    </button>
  </div>,
  <div
    className="btn-group"
  >
    <button
      className=""
      onClick={[Function]}
      style={
        Object {
          "backgroundColor": "white",
        }
      }
      type="button"
    >
      4
    </button>
    <button
      className=""
      onClick={[Function]}
      style={
        Object {
          "backgroundColor": "white",
        }
      }
      type="button"
    >
      5
    </button>
    <button
      className=""
      onClick={[Function]}
      style={
        Object {
          "backgroundColor": "white",
        }
      }
      type="button"
    >
      6
    </button>
    <button
      className=""
      onClick={[Function]}
      style={
        Object {
          "backgroundColor": "orange",
        }
      }
      type="button"
    >
      -
    </button>
  </div>,
  <div
    className="btn-group"
  >
    <button
      className=""
      onClick={[Function]}
      style={
        Object {
          "backgroundColor": "white",
        }
      }
      type="button"
    >
      1
    </button>
    <button
      className=""
      onClick={[Function]}
      style={
        Object {
          "backgroundColor": "white",
        }
      }
      type="button"
    >
      2
    </button>
    <button
      className=""
      onClick={[Function]}
      style={
        Object {
          "backgroundColor": "white",
        }
      }
      type="button"
    >
      3
    </button>
    <button
      className=""
      onClick={[Function]}
      style={
        Object {
          "backgroundColor": "orange",
        }
      }
      type="button"
    >
      +
    </button>
  </div>,
  <div
    className="btn-group"
  >
    <button
      className="zero"
      onClick={[Function]}
      style={
        Object {
          "backgroundColor": "white",
        }
      }
      type="button"
    >
      0
    </button>
    <button
      className=""
      onClick={[Function]}
      style={
        Object {
          "backgroundColor": "white",
        }
      }
      type="button"
    >
      .
    </button>
    <button
      className=""
      onClick={[Function]}
      style={
        Object {
          "backgroundColor": "orange",
        }
      }
      type="button"
    >
      =
    </button>
  </div>,
]
`;
