// Jest Snapshot v1, https://goo.gl/fbAQLP

exports[`Button Component Should match spanshot 1`] = `
<button
  className="zero"
  onClick={[Function]}
  style={
    Object {
      "backgroundColor": "white",
    }
  }
  type="button"
>
  1
</button>
`;
