// Jest Snapshot v1, https://goo.gl/fbAQLP

exports[`Header Component Should match spanshot 1`] = `
<nav
  className="navbar navbar-expand-lg navbar-light fixed-top py-3"
  id="mainNav"
>
  <div
    className="container px-4 px-lg-5"
  >
    <a
      className="navbar-brand"
      href="/"
      onClick={[Function]}
    >
      Mathmaticians
    </a>
    <button
      aria-controls="navbarResponsive"
      aria-expanded="false"
      aria-label="Toggle navigation"
      className="navbar-toggler navbar-toggler-right"
      data-bs-target="#navbarResponsive"
      data-bs-toggle="collapse"
      type="button"
    >
      <span
        className="navbar-toggler-icon"
      />
    </button>
    <div
      className="collapse navbar-collapse"
      id="navbarResponsive"
    >
      <ul
        className="navbar-nav ms-auto my-2 my-lg-0"
      >
        <li
          className="nav-item"
        >
          <a
            className="nav-link"
            href="/"
            onClick={[Function]}
          >
            Home
          </a>
        </li>
        <li
          className="nav-item"
        >
          <a
            className="nav-link"
            href="/calculator"
            onClick={[Function]}
          >
            Calculator
          </a>
        </li>
        <li
          className="nav-item"
        >
          <a
            className="nav-link"
            href="/quotes"
            onClick={[Function]}
          >
            Quotes
          </a>
        </li>
      </ul>
    </div>
  </div>
</nav>
`;
